\BOOKMARK [0][-]{section*.2}{\376\377\000S\000u\000m\000m\000a\000r\000y\000\040\000s\000h\000e\000e\000t}{}% 1
\BOOKMARK [0][-]{section*.4}{\376\377\000I\000n\000t\000r\000o\000d\000u\000c\000t\000i\000o\000n}{}% 2
\BOOKMARK [0][-]{chapter.1}{\376\377\000L\000e\000\040\000l\000a\000b\000o\000r\000a\000t\000o\000i\000r\000e\000\040\000d\000e\000\040\000r\000e\000c\000h\000e\000r\000c\000h\000e\000\040\000C\000E\000R\000F\000A\000C\000S}{}% 3
\BOOKMARK [0][-]{chapter.2}{\376\377\000I\000m\000p\000l\000\351\000m\000e\000n\000t\000a\000t\000i\000o\000n\000\040\000d\000e\000\040\000l\000a\000\040\000m\000\351\000t\000h\000o\000d\000e\000\040\000d\000'\000i\000n\000t\000e\000r\000p\000o\000l\000a\000t\000i\000o\000n\000\040\000l\000i\000n\000\351\000a\000i\000r\000e\000\040\000d\000a\000n\000s\000\040\000A\000n\000t\000a\000r\000e\000s}{}% 4
\BOOKMARK [1][-]{section.2.1}{\376\377\000L\000a\000\040\000l\000i\000b\000r\000a\000i\000r\000i\000e\000\040\000A\000n\000t\000a\000r\000e\000s}{chapter.2}% 5
\BOOKMARK [1][-]{section.2.2}{\376\377\000L\000e\000s\000\040\000d\000i\000f\000f\000\351\000r\000e\000n\000t\000e\000s\000\040\000m\000\351\000t\000h\000o\000d\000e\000s\000\040\000d\000'\000i\000n\000t\000e\000r\000p\000o\000l\000a\000t\000i\000o\000n}{chapter.2}% 6
\BOOKMARK [2][-]{subsection.2.2.1}{\376\377\000L\000a\000\040\000m\000\351\000t\000h\000o\000d\000e\000\040\000p\000a\000r\000\040\000v\000o\000i\000s\000i\000n\000\040\000l\000e\000\040\000p\000l\000u\000s\000\040\000p\000r\000o\000c\000h\000e}{section.2.2}% 7
\BOOKMARK [2][-]{subsection.2.2.2}{\376\377\000L\000a\000\040\000m\000\351\000t\000h\000o\000d\000e\000\040\000p\000o\000n\000d\000\351\000r\000a\000t\000i\000o\000n\000\040\000i\000n\000v\000e\000r\000s\000e\000\040\000\340\000\040\000l\000a\000\040\000d\000i\000s\000t\000a\000n\000c\000e\000\040\000\050\000I\000D\000W\000\051}{section.2.2}% 8
\BOOKMARK [2][-]{subsection.2.2.3}{\376\377\000D\000'\000a\000u\000t\000r\000e\000s\000\040\000m\000\351\000t\000h\000o\000d\000e\000s}{section.2.2}% 9
\BOOKMARK [2][-]{subsection.2.2.4}{\376\377\000L\000a\000\040\000m\000\351\000t\000h\000o\000d\000e\000\040\000l\000i\000n\000\351\000a\000i\000r\000e}{section.2.2}% 10
\BOOKMARK [1][-]{section.2.3}{\376\377\000I\000m\000p\000l\000\351\000m\000e\000n\000t\000a\000t\000i\000o\000n\000\040\000d\000e\000\040\000l\000a\000\040\000m\000\351\000t\000h\000o\000d\000e\000\040\000l\000i\000n\000\351\000a\000i\000r\000e}{chapter.2}% 11
\BOOKMARK [2][-]{subsection.2.3.1}{\376\377\000L\000a\000\040\000s\000t\000r\000u\000c\000t\000u\000r\000e\000\040\000g\000\351\000n\000\351\000r\000a\000l\000e\000\040\000d\000u\000\040\000c\000o\000d\000e\000\040\000"\000T\000r\000e\000a\000t\000m\000e\000n\000t\000I\000n\000t\000e\000r\000p\000o\000l\000a\000t\000i\000o\000n\000"}{section.2.3}% 12
\BOOKMARK [2][-]{subsection.2.3.2}{\376\377\000L\000e\000\040\000p\000s\000e\000u\000d\000o\000-\000a\000l\000g\000o\000r\000i\000t\000h\000m\000e}{section.2.3}% 13
\BOOKMARK [2][-]{subsection.2.3.3}{\376\377\000O\000p\000t\000i\000m\000i\000s\000a\000t\000i\000o\000n\000\040\000d\000u\000\040\000t\000e\000m\000p\000s\000\040\000d\000e\000\040\000c\000a\000l\000c\000u\000l}{section.2.3}% 14
\BOOKMARK [1][-]{section.2.4}{\376\377\000T\000e\000s\000t\000s}{chapter.2}% 15
\BOOKMARK [2][-]{subsection.2.4.1}{\376\377\000T\000e\000s\000t\000s\000\040\000u\000n\000i\000t\000a\000i\000r\000e\000s\000\040\000s\000u\000r\000\040\000l\000a\000\040\000m\000\351\000t\000h\000o\000d\000e\000\040\000l\000i\000n\000\351\000a\000i\000r\000e}{section.2.4}% 16
\BOOKMARK [2][-]{subsection.2.4.2}{\376\377\000T\000e\000s\000t\000s\000\040\000s\000u\000r\000\040\000d\000e\000s\000\040\000c\000a\000s\000\040\000i\000n\000d\000u\000s\000t\000r\000i\000e\000l\000s}{section.2.4}% 17
\BOOKMARK [2][-]{subsection.2.4.3}{\376\377\000T\000e\000s\000t\000s\000\040\000s\000u\000r\000\040\000d\000e\000s\000\040\000c\000a\000s\000\040\000d\000'\000a\000\351\000r\000o\000a\000c\000o\000u\000s\000t\000i\000q\000u\000e}{section.2.4}% 18
\BOOKMARK [2][-]{subsection.2.4.4}{\376\377\000T\000e\000s\000t\000s\000\040\000s\000u\000r\000\040\000l\000e\000s\000\040\000p\000a\000r\000a\000m\000\350\000t\000r\000e\000s\000\040\000d\000e\000\040\000l\000a\000\040\000m\000\351\000t\000h\000o\000d\000e\000\040\000I\000D\000W}{section.2.4}% 19
\BOOKMARK [0][-]{chapter*.58}{\376\377\000C\000o\000n\000c\000l\000u\000s\000i\000o\000n}{}% 20
\BOOKMARK [0][-]{section*.62}{\376\377\000A\000n\000n\000e\000x\000e\000s}{}% 21
\BOOKMARK [0][-]{chapter*.69}{\376\377\000B\000i\000b\000l\000i\000o\000g\000r\000a\000p\000h\000i\000e}{}% 22
